--------------------------------------------------------------------------------------
Timing Analyzer Summary
--------------------------------------------------------------------------------------

Type           : Worst-case tsu
Slack          : N/A
Required Time  : None
Actual Time    : 2.866 ns
From           : echo
To             : jishu2:inst2|j[0]
From Clock     : --
To Clock       : clk
Failed Paths   : 0

Type           : Worst-case tco
Slack          : N/A
Required Time  : None
Actual Time    : 162.585 ns
From           : jishu2:inst2|t[15]
To             : qf
From Clock     : clk
To Clock       : --
Failed Paths   : 0

Type           : Worst-case th
Slack          : N/A
Required Time  : None
Actual Time    : -0.470 ns
From           : echo
To             : jishu2:inst2|j[15]
From Clock     : --
To Clock       : clk
Failed Paths   : 0

Type           : Clock Setup: 'clk'
Slack          : N/A
Required Time  : None
Actual Time    : 10.93 MHz ( period = 91.487 ns )
From           : voice:inst8|count[1]
To             : voice:inst8|q
From Clock     : clk
To Clock       : clk
Failed Paths   : 0

Type           : Clock Hold: 'clk'
Slack          : Not operational: Clock Skew > Data Delay
Required Time  : None
Actual Time    : N/A
From           : jishu2:inst2|t[15]
To             : voice:inst8|q
From Clock     : clk
To Clock       : clk
Failed Paths   : 26

Type           : Total number of failed paths
Slack          : 
Required Time  : 
Actual Time    : 
From           : 
To             : 
From Clock     : 
To Clock       : 
Failed Paths   : 26

--------------------------------------------------------------------------------------

